≡ƒÜÇ Starting Password Flow Test...

1. Registering user: test_1763816457222@example.com
node : Γ¥î Test Failed: Error: 
Registration failed: {"message":"Server 
error","error":"User validation failed: 
userName: Path `userName` is required."}
At line:1 char:1
+ node test_flow.js > test_output.txt 2>&1
+ ~~~~~~~~~~~~~~~~~~~~~~~~~~~~~~~~~~~~~~~~
    + CategoryInfo          : NotSpecified 
   : (Γ¥î Test Failed... is required."}:S  
  tring) [], RemoteException
    + FullyQualifiedErrorId : NativeComman 
   dError
 
    at runTest (file:///C:/URL%20Shortner/b
ackend/test_flow.js:25:27)
    at process.processTicksAndRejections 
(node:internal/process/task_queues:105:5)
